<powershell>
[string]$EKSBootstrapScriptFile = "$env:ProgramFiles\Amazon\EKS\Start-EKSBootstrap.ps1"
& $EKSBootstrapScriptFile -EKSClusterName 'test-cluster' -APIServerEndpoint 'https://test-cluster' -Base64ClusterCA 'ca-bundle' -KubeletExtraArgs '--node-labels="karpenter.sh/capacity-type=spot,%s=%s,testing/cluster=unspecified" --register-with-taints="karpenter.sh/unregistered:NoExecute" --max-pods=110' -DNSClusterIP '10.0.100.10'
</powershell>
